Symbols (
  fromList
    [ SymValue
        { sv_origName = OrigName
                          { origPackage = Nothing
                          , origGName = GName
                                          "E1"
                                          "a"
                          }
        , sv_fixity = Nothing
        }
    ] ) (
  fromList [] )