Symbols (
  fromList
    [ SymConstructor
        { sv_origName = OrigName
                          { origPackage = Nothing
                          , origGName = GName
                                          "E2"
                                          "A"
                          }
        , sv_fixity = Nothing
        , sv_typeName = OrigName
                          { origPackage = Nothing
                          , origGName = GName
                                          "E2"
                                          "A"
                          }
        }
    ] ) (
  fromList
    [ SymData
        { st_origName = OrigName
                          { origPackage = Nothing
                          , origGName = GName
                                          "E2"
                                          "A"
                          }
        , st_fixity = Nothing
        }
    ] )