Symbols (
  fromList [] ) (
  fromList
    [ SymData
        { st_origName = OrigName
                          { origPackage = Nothing
                          , origGName = GName
                                          "E4"
                                          "A"
                          }
        , st_fixity = Nothing
        }
    ] )