Symbols (
  fromList
    [ SymMethod
        { sv_origName = OrigName
                          { origPackage = Nothing
                          , origGName = GName
                                          "E7"
                                          "x"
                          }
        , sv_fixity = Nothing
        , sv_className = OrigName
                           { origPackage = Nothing
                           , origGName = GName
                                           "E7"
                                           "Bar"
                           }
        }
    , SymSelector
        { sv_origName = OrigName
                          { origPackage = Nothing
                          , origGName = GName
                                          "E7"
                                          "c"
                          }
        , sv_fixity = Nothing
        , sv_typeName = OrigName
                          { origPackage = Nothing
                          , origGName = GName
                                          "E7"
                                          "Foo"
                          }
        }
    , SymSelector
        { sv_origName = OrigName
                          { origPackage = Nothing
                          , origGName = GName
                                          "E7"
                                          "unN"
                          }
        , sv_fixity = Nothing
        , sv_typeName = OrigName
                          { origPackage = Nothing
                          , origGName = GName
                                          "E7"
                                          "N"
                          }
        }
    , SymConstructor
        { sv_origName = OrigName
                          { origPackage = Nothing
                          , origGName = GName
                                          "E7"
                                          "Foo1"
                          }
        , sv_fixity = Nothing
        , sv_typeName = OrigName
                          { origPackage = Nothing
                          , origGName = GName
                                          "E7"
                                          "Foo"
                          }
        }
    , SymConstructor
        { sv_origName = OrigName
                          { origPackage = Nothing
                          , origGName = GName
                                          "E7"
                                          "Foo2"
                          }
        , sv_fixity = Nothing
        , sv_typeName = OrigName
                          { origPackage = Nothing
                          , origGName = GName
                                          "E7"
                                          "Foo"
                          }
        }
    , SymConstructor
        { sv_origName = OrigName
                          { origPackage = Nothing
                          , origGName = GName
                                          "E7"
                                          "Foo3"
                          }
        , sv_fixity = Nothing
        , sv_typeName = OrigName
                          { origPackage = Nothing
                          , origGName = GName
                                          "E7"
                                          "Foo"
                          }
        }
    , SymConstructor
        { sv_origName = OrigName
                          { origPackage = Nothing
                          , origGName = GName
                                          "E7"
                                          "N"
                          }
        , sv_fixity = Nothing
        , sv_typeName = OrigName
                          { origPackage = Nothing
                          , origGName = GName
                                          "E7"
                                          "N"
                          }
        }
    ] ) (
  fromList
    [ SymData
        { st_origName = OrigName
                          { origPackage = Nothing
                          , origGName = GName
                                          "E7"
                                          "Foo"
                          }
        , st_fixity = Nothing
        }
    , SymNewType
        { st_origName = OrigName
                          { origPackage = Nothing
                          , origGName = GName
                                          "E7"
                                          "N"
                          }
        , st_fixity = Nothing
        }
    , SymClass
        { st_origName = OrigName
                          { origPackage = Nothing
                          , origGName = GName
                                          "E7"
                                          "Bar"
                          }
        , st_fixity = Nothing
        }
    ] )