Symbols (
  fromList
    [ SymSelector
        { sv_origName = OrigName
                          { origPackage = Nothing
                          , origGName = GName
                                          "M3"
                                          "c"
                          }
        , sv_fixity = Nothing
        , sv_typeName = OrigName
                          { origPackage = Nothing
                          , origGName = GName
                                          "M3"
                                          "A"
                          }
        }
    , SymConstructor
        { sv_origName = OrigName
                          { origPackage = Nothing
                          , origGName = GName
                                          "M3"
                                          "B"
                          }
        , sv_fixity = Nothing
        , sv_typeName = OrigName
                          { origPackage = Nothing
                          , origGName = GName
                                          "M3"
                                          "A"
                          }
        }
    , SymConstructor
        { sv_origName = OrigName
                          { origPackage = Nothing
                          , origGName = GName
                                          "M3"
                                          "H"
                          }
        , sv_fixity = Nothing
        , sv_typeName = OrigName
                          { origPackage = Nothing
                          , origGName = GName
                                          "M3"
                                          "G"
                          }
        }
    ] ) (
  fromList
    [ SymType
        { st_origName = OrigName
                          { origPackage = Nothing
                          , origGName = GName
                                          "M3"
                                          "L"
                          }
        , st_fixity = Nothing
        }
    , SymData
        { st_origName = OrigName
                          { origPackage = Nothing
                          , origGName = GName
                                          "M3"
                                          "A"
                          }
        , st_fixity = Nothing
        }
    , SymNewType
        { st_origName = OrigName
                          { origPackage = Nothing
                          , origGName = GName
                                          "M3"
                                          "G"
                          }
        , st_fixity = Nothing
        }
    ] )