Symbols (
  fromList
    [ SymValue
        { sv_origName = OrigName
                          { origPackage = Nothing
                          , origGName = GName
                                          "M5"
                                          "c"
                          }
        , sv_fixity = Nothing
        }
    , SymSelector
        { sv_origName = OrigName
                          { origPackage = Nothing
                          , origGName = GName
                                          "M5"
                                          "b"
                          }
        , sv_fixity = Nothing
        , sv_typeName = OrigName
                          { origPackage = Nothing
                          , origGName = GName
                                          "M5"
                                          "A"
                          }
        }
    ] ) (
  fromList [] )