()       at  3:8 is none
()       at  4:7 is none
