y        at  4:4 is not in scope
x        at 4:15 is a local value defined at 4:9
x        at  5:3 is a local value defined at 4:9
y        at  6:3 is a local value defined at 4:20
z        at  7:3 is a local value defined at 4:12
